Archive member included to satisfy reference by file (symbol)

/home/student/DEVEL/ESP8266/ESP8266_RTOS_SDK/examples/get-started/my_project_mqtt/build/bootloader/main/libmain.a(bootloader_start.o)
                              (call_start_cpu)
/home/student/DEVEL/ESP8266/ESP8266_RTOS_SDK/examples/get-started/my_project_mqtt/build/bootloader/bootloader_support/libbootloader_support.a(bootloader_init.o)
                              /home/student/DEVEL/ESP8266/ESP8266_RTOS_SDK/examples/get-started/my_project_mqtt/build/bootloader/main/libmain.a(bootloader_start.o) (bootloader_init)
/home/student/DEVEL/ESP8266/ESP8266_RTOS_SDK/examples/get-started/my_project_mqtt/build/bootloader/bootloader_support/libbootloader_support.a(bootloader_utility.o)
                              /home/student/DEVEL/ESP8266/ESP8266_RTOS_SDK/examples/get-started/my_project_mqtt/build/bootloader/main/libmain.a(bootloader_start.o) (bootloader_utility_load_partition_table)
/home/student/DEVEL/ESP8266/ESP8266_RTOS_SDK/examples/get-started/my_project_mqtt/build/bootloader/bootloader_support/libbootloader_support.a(bootloader_flash.o)
                              /home/student/DEVEL/ESP8266/ESP8266_RTOS_SDK/examples/get-started/my_project_mqtt/build/bootloader/bootloader_support/libbootloader_support.a(bootloader_utility.o) (bootloader_mmap)
/home/student/DEVEL/ESP8266/ESP8266_RTOS_SDK/examples/get-started/my_project_mqtt/build/bootloader/bootloader_support/libbootloader_support.a(bootloader_common.o)
                              /home/student/DEVEL/ESP8266/ESP8266_RTOS_SDK/examples/get-started/my_project_mqtt/build/bootloader/bootloader_support/libbootloader_support.a(bootloader_utility.o) (bootloader_common_ota_select_valid)
/home/student/DEVEL/ESP8266/ESP8266_RTOS_SDK/examples/get-started/my_project_mqtt/build/bootloader/bootloader_support/libbootloader_support.a(flash_partitions.o)
                              /home/student/DEVEL/ESP8266/ESP8266_RTOS_SDK/examples/get-started/my_project_mqtt/build/bootloader/bootloader_support/libbootloader_support.a(bootloader_utility.o) (esp_partition_table_basic_verify)
/home/student/DEVEL/ESP8266/ESP8266_RTOS_SDK/examples/get-started/my_project_mqtt/build/bootloader/bootloader_support/libbootloader_support.a(esp_image_format.o)
                              /home/student/DEVEL/ESP8266/ESP8266_RTOS_SDK/examples/get-started/my_project_mqtt/build/bootloader/bootloader_support/libbootloader_support.a(bootloader_utility.o) (esp_image_load)
/home/student/DEVEL/ESP8266/ESP8266_RTOS_SDK/examples/get-started/my_project_mqtt/build/bootloader/spi_flash/libspi_flash.a(spi_flash.o)
                              /home/student/DEVEL/ESP8266/ESP8266_RTOS_SDK/examples/get-started/my_project_mqtt/build/bootloader/bootloader_support/libbootloader_support.a(flash_partitions.o) (g_rom_flashchip)
/home/student/DEVEL/ESP8266/ESP8266_RTOS_SDK/examples/get-started/my_project_mqtt/build/bootloader/spi_flash/libspi_flash.a(spi_flash_raw.o)
                              /home/student/DEVEL/ESP8266/ESP8266_RTOS_SDK/examples/get-started/my_project_mqtt/build/bootloader/spi_flash/libspi_flash.a(spi_flash.o) (spi_flash_get_id_raw)
/home/student/DEVEL/ESP8266/ESP8266_RTOS_SDK/examples/get-started/my_project_mqtt/build/bootloader/log/liblog.a(log.o)
                              /home/student/DEVEL/ESP8266/ESP8266_RTOS_SDK/examples/get-started/my_project_mqtt/build/bootloader/bootloader_support/libbootloader_support.a(bootloader_common.o) (esp_log_early_timestamp)
/home/student/DEVEL/ESP8266/ESP8266_RTOS_SDK/examples/get-started/my_project_mqtt/build/bootloader/esp8266/libesp8266.a(ets_printf.o)
                              /home/student/DEVEL/ESP8266/ESP8266_RTOS_SDK/examples/get-started/my_project_mqtt/build/bootloader/log/liblog.a(log.o) (ets_vprintf)
/home/student/DEVEL/ESP8266/ESP8266_RTOS_SDK/examples/get-started/my_project_mqtt/build/bootloader/util/libutil.a(crc.o)
                              /home/student/DEVEL/ESP8266/ESP8266_RTOS_SDK/examples/get-started/my_project_mqtt/build/bootloader/bootloader_support/libbootloader_support.a(bootloader_common.o) (crc32_le)
/home/student/DEVEL/ESP8266/ESP8266_RTOS_SDK/components/esp8266/lib/libcore.a(phy.o)
                              /home/student/DEVEL/ESP8266/ESP8266_RTOS_SDK/examples/get-started/my_project_mqtt/build/bootloader/bootloader_support/libbootloader_support.a(bootloader_init.o) (phy_reg_default)
/home/student/DEVEL/ESP8266/ESP8266_RTOS_SDK/components/esp8266/lib/libcore.a(uart.o)
                              /home/student/DEVEL/ESP8266/ESP8266_RTOS_SDK/examples/get-started/my_project_mqtt/build/bootloader/bootloader_support/libbootloader_support.a(bootloader_init.o) (uart_div_modify)

Allocating common symbols
Common symbol       size              file

esp_image_spi_freq_t
                    0x4               /home/student/DEVEL/ESP8266/ESP8266_RTOS_SDK/examples/get-started/my_project_mqtt/build/bootloader/main/libmain.a(bootloader_start.o)

[...]
Memory Configuration

Name             Origin             Length             Attributes
dport0_seg       0x000000003ff00000 0x0000000000000010
dram_seg         0x000000003ffe8000 0x0000000000017c00
iram_seg         0x0000000040100000 0x0000000000008000
*default*        0x0000000000000000 0xffffffffffffffff

Linker script and memory map

START GROUP
LOAD /home/student/DEVEL/ESP8266/ESP8266_RTOS_SDK/examples/get-started/my_project_mqtt/build/bootloader/main/libmain.a
LOAD /home/student/DEVEL/ESP8266/ESP8266_RTOS_SDK/components/esp8266/lib/libcore.a
LOAD /home/student/DEVEL/ESP8266/ESP8266_RTOS_SDK/examples/get-started/my_project_mqtt/build/bootloader/bootloader_support/libbootloader_support.a
LOAD /home/student/DEVEL/ESP8266/ESP8266_RTOS_SDK/examples/get-started/my_project_mqtt/build/bootloader/spi_flash/libspi_flash.a
LOAD /home/student/DEVEL/ESP8266/ESP8266_RTOS_SDK/examples/get-started/my_project_mqtt/build/bootloader/log/liblog.a
LOAD /home/student/DEVEL/ESP8266/ESP8266_RTOS_SDK/examples/get-started/my_project_mqtt/build/bootloader/esp8266/libesp8266.a
LOAD /home/student/DEVEL/ESP8266/ESP8266_RTOS_SDK/examples/get-started/my_project_mqtt/build/bootloader/util/libutil.a
LOAD /home/student/DEVEL/ESP8266/ESP8266_RTOS_SDK/components/esp8266/lib/libgcc.a
LOAD /home/student/DEVEL/ESP8266/xtensa-lx106-elf/bin/../lib/gcc/xtensa-lx106-elf/5.2.0/../../../../xtensa-lx106-elf/lib/libstdc++.a
LOAD /home/student/DEVEL/ESP8266/xtensa-lx106-elf/bin/../lib/gcc/xtensa-lx106-elf/5.2.0/libgcov.a
END GROUP

.text           0x0000000040100000     0x1bfe
                0x0000000040100000                _stext = .
                0x0000000040100000                _text_start = ABSOLUTE (.)
                0x0000000040100000                . = ALIGN (0x10)
 *(.entry.text)
 *(.init.literal)
 *(.init)
 *(.literal .text .literal.* .text.* .stub .gnu.warning .gnu.linkonce.literal.* .gnu.linkonce.t.*.literal .gnu.linkonce.t.*)
 .literal.selected_boot_partition
                0x0000000040100000        0x0 /home/student/DEVEL/ESP8266/ESP8266_RTOS_SDK/examples/get-started/my_project_mqtt/build/bootloader/main/libmain.a(bootloader_start.o)
                                          0x4 (size before relaxing)
 .literal.select_image
                0x0000000040100000        0xc /home/student/DEVEL/ESP8266/ESP8266_RTOS_SDK/examples/get-started/my_project_mqtt/build/bootloader/main/libmain.a(bootloader_start.o)
                                         0x1c (size before relaxing)
 .literal.call_start_cpu
                0x000000004010000c        0x0 /home/student/DEVEL/ESP8266/ESP8266_RTOS_SDK/examples/get-started/my_project_mqtt/build/bootloader/main/libmain.a(bootloader_start.o)
                                          0xc (size before relaxing)
 .literal.print_flash_info
                0x000000004010000c       0x48 /home/student/DEVEL/ESP8266/ESP8266_RTOS_SDK/examples/get-started/my_project_mqtt/build/bootloader/bootloader_support/libbootloader_support.a(bootloader_init.o)
                                         0x54 (size before relaxing)
 .literal.uart_console_configure
                0x0000000040100054        0x0 /home/student/DEVEL/ESP8266/ESP8266_RTOS_SDK/examples/get-started/my_project_mqtt/build/bootloader/bootloader_support/libbootloader_support.a(bootloader_init.o)
                                          0x4 (size before relaxing)
 .literal.update_flash_config
                0x0000000040100054        0x4 /home/student/DEVEL/ESP8266/ESP8266_RTOS_SDK/examples/get-started/my_project_mqtt/build/bootloader/bootloader_support/libbootloader_support.a(bootloader_init.o)
                                          0x8 (size before relaxing)
 .literal.bootloader_main
                0x0000000040100058       0x10 /home/student/DEVEL/ESP8266/ESP8266_RTOS_SDK/examples/get-started/my_project_mqtt/build/bootloader/bootloader_support/libbootloader_support.a(bootloader_init.o)
                                         0x34 (size before relaxing)
 .literal.bootloader_init
                0x0000000040100068        0x8 /home/student/DEVEL/ESP8266/ESP8266_RTOS_SDK/examples/get-started/my_project_mqtt/build/bootloader/bootloader_support/libbootloader_support.a(bootloader_init.o)
                                         0x10 (size before relaxing)
 .literal.log_invalid_app_partition
                0x0000000040100070       0x14 /home/student/DEVEL/ESP8266/ESP8266_RTOS_SDK/examples/get-started/my_project_mqtt/build/bootloader/bootloader_support/libbootloader_support.a(bootloader_utility.o)
                                         0x20 (size before relaxing)
 .literal.try_load_partition
                0x0000000040100084        0x4 /home/student/DEVEL/ESP8266/ESP8266_RTOS_SDK/examples/get-started/my_project_mqtt/build/bootloader/bootloader_support/libbootloader_support.a(bootloader_utility.o)
                                         0x10 (size before relaxing)
 .literal.bootloader_utility_load_partition_table
                0x0000000040100088       0x4c /home/student/DEVEL/ESP8266/ESP8266_RTOS_SDK/examples/get-started/my_project_mqtt/build/bootloader/bootloader_support/libbootloader_support.a(bootloader_utility.o)
                                         0x74 (size before relaxing)
 .literal.bootloader_utility_get_selected_boot_partition
                0x00000000401000d4       0x1c /home/student/DEVEL/ESP8266/ESP8266_RTOS_SDK/examples/get-started/my_project_mqtt/build/bootloader/bootloader_support/libbootloader_support.a(bootloader_utility.o)
                                         0x5c (size before relaxing)
 .literal.bootloader_utility_load_boot_image
                0x00000000401000f0        0xc /home/student/DEVEL/ESP8266/ESP8266_RTOS_SDK/examples/get-started/my_project_mqtt/build/bootloader/bootloader_support/libbootloader_support.a(bootloader_utility.o)
                                         0x40 (size before relaxing)
 .literal.bootloader_utility_load_image
                0x00000000401000fc       0x14 /home/student/DEVEL/ESP8266/ESP8266_RTOS_SDK/examples/get-started/my_project_mqtt/build/bootloader/bootloader_support/libbootloader_support.a(bootloader_utility.o)
                                         0x1c (size before relaxing)
 .literal.bootloader_flash_read_no_decrypt
                0x0000000040100110        0x4 /home/student/DEVEL/ESP8266/ESP8266_RTOS_SDK/examples/get-started/my_project_mqtt/build/bootloader/bootloader_support/libbootloader_support.a(bootloader_flash.o)
 .literal.bootloader_mmap
                0x0000000040100114       0x10 /home/student/DEVEL/ESP8266/ESP8266_RTOS_SDK/examples/get-started/my_project_mqtt/build/bootloader/bootloader_support/libbootloader_support.a(bootloader_flash.o)
                                         0x28 (size before relaxing)
 .literal.bootloader_munmap
                0x0000000040100124        0x0 /home/student/DEVEL/ESP8266/ESP8266_RTOS_SDK/examples/get-started/my_project_mqtt/build/bootloader/bootloader_support/libbootloader_support.a(bootloader_flash.o)
                                          0x8 (size before relaxing)
 .literal.bootloader_flash_read
                0x0000000040100124        0xc /home/student/DEVEL/ESP8266/ESP8266_RTOS_SDK/examples/get-started/my_project_mqtt/build/bootloader/bootloader_support/libbootloader_support.a(bootloader_flash.o)
                                         0x20 (size before relaxing)
 .literal.bootloader_common_ota_select_crc
                0x0000000040100130        0x0 /home/student/DEVEL/ESP8266/ESP8266_RTOS_SDK/examples/get-started/my_project_mqtt/build/bootloader/bootloader_support/libbootloader_support.a(bootloader_common.o)
                                          0x4 (size before relaxing)
 .literal.bootloader_common_ota_select_valid
                0x0000000040100130        0x0 /home/student/DEVEL/ESP8266/ESP8266_RTOS_SDK/examples/get-started/my_project_mqtt/build/bootloader/bootloader_support/libbootloader_support.a(bootloader_common.o)
                                          0x4 (size before relaxing)
 .literal.esp_partition_table_basic_verify
                0x0000000040100130       0x1c /home/student/DEVEL/ESP8266/ESP8266_RTOS_SDK/examples/get-started/my_project_mqtt/build/bootloader/bootloader_support/libbootloader_support.a(flash_partitions.o)
                                         0x2c (size before relaxing)
 .literal.should_map
                0x000000004010014c        0x4 /home/student/DEVEL/ESP8266/ESP8266_RTOS_SDK/examples/get-started/my_project_mqtt/build/bootloader/bootloader_support/libbootloader_support.a(esp_image_format.o)
                                          0x8 (size before relaxing)
 .literal.should_load
                0x0000000040100150        0x0 /home/student/DEVEL/ESP8266/ESP8266_RTOS_SDK/examples/get-started/my_project_mqtt/build/bootloader/bootloader_support/libbootloader_support.a(esp_image_format.o)
                                          0x4 (size before relaxing)
 .literal.verify_image_header
                0x0000000040100150       0x14 /home/student/DEVEL/ESP8266/ESP8266_RTOS_SDK/examples/get-started/my_project_mqtt/build/bootloader/bootloader_support/libbootloader_support.a(esp_image_format.o)
                                         0x20 (size before relaxing)
 .literal.process_segment_data
                0x0000000040100164        0x8 /home/student/DEVEL/ESP8266/ESP8266_RTOS_SDK/examples/get-started/my_project_mqtt/build/bootloader/bootloader_support/libbootloader_support.a(esp_image_format.o)
                                         0x14 (size before relaxing)
 .literal.verify_checksum
                0x000000004010016c        0x8 /home/student/DEVEL/ESP8266/ESP8266_RTOS_SDK/examples/get-started/my_project_mqtt/build/bootloader/bootloader_support/libbootloader_support.a(esp_image_format.o)
                                         0x1c (size before relaxing)
 .literal.process_segment
                0x0000000040100174       0x18 /home/student/DEVEL/ESP8266/ESP8266_RTOS_SDK/examples/get-started/my_project_mqtt/build/bootloader/bootloader_support/libbootloader_support.a(esp_image_format.o)
                                         0x40 (size before relaxing)
 .literal.esp_image_load
                0x000000004010018c       0x14 /home/student/DEVEL/ESP8266/ESP8266_RTOS_SDK/examples/get-started/my_project_mqtt/build/bootloader/bootloader_support/libbootloader_support.a(esp_image_format.o)
                                         0x44 (size before relaxing)
 .literal.spi_user_cmd
                0x00000000401001a0        0x4 /home/student/DEVEL/ESP8266/ESP8266_RTOS_SDK/examples/get-started/my_project_mqtt/build/bootloader/spi_flash/libspi_flash.a(spi_flash.o)
                                          0xc (size before relaxing)
 .literal.special_flash_read_status
                0x00000000401001a4        0x0 /home/student/DEVEL/ESP8266/ESP8266_RTOS_SDK/examples/get-started/my_project_mqtt/build/bootloader/spi_flash/libspi_flash.a(spi_flash.o)
                                          0x4 (size before relaxing)
 .literal.flash_gd25q32c_read_status
                0x00000000401001a4        0x0 /home/student/DEVEL/ESP8266/ESP8266_RTOS_SDK/examples/get-started/my_project_mqtt/build/bootloader/spi_flash/libspi_flash.a(spi_flash.o)
                                          0x4 (size before relaxing)
 .literal.special_flash_write_status
                0x00000000401001a4        0x0 /home/student/DEVEL/ESP8266/ESP8266_RTOS_SDK/examples/get-started/my_project_mqtt/build/bootloader/spi_flash/libspi_flash.a(spi_flash.o)
                                          0x8 (size before relaxing)
 .literal.spi_flash_enable_qio_bit6
                0x00000000401001a4        0x0 /home/student/DEVEL/ESP8266/ESP8266_RTOS_SDK/examples/get-started/my_project_mqtt/build/bootloader/spi_flash/libspi_flash.a(spi_flash.o)
                                          0x4 (size before relaxing)
 .literal.flash_gd25q32c_write_status
                0x00000000401001a4        0x0 /home/student/DEVEL/ESP8266/ESP8266_RTOS_SDK/examples/get-started/my_project_mqtt/build/bootloader/spi_flash/libspi_flash.a(spi_flash.o)
                                          0x4 (size before relaxing)
 .literal.flash_gd25q32c_enable_QIO_mode
                0x00000000401001a4        0x0 /home/student/DEVEL/ESP8266/ESP8266_RTOS_SDK/examples/get-started/my_project_mqtt/build/bootloader/spi_flash/libspi_flash.a(spi_flash.o)
                                          0xc (size before relaxing)
 .literal.en25q16x_read_sfdp
                0x00000000401001a4        0x4 /home/student/DEVEL/ESP8266/ESP8266_RTOS_SDK/examples/get-started/my_project_mqtt/build/bootloader/spi_flash/libspi_flash.a(spi_flash.o)
                                          0x8 (size before relaxing)
 .literal.spi_flash_get_id
                0x00000000401001a8        0x0 /home/student/DEVEL/ESP8266/ESP8266_RTOS_SDK/examples/get-started/my_project_mqtt/build/bootloader/spi_flash/libspi_flash.a(spi_flash.o)
                                          0xc (size before relaxing)
 .literal.spi_flash_read_status
                0x00000000401001a8        0x0 /home/student/DEVEL/ESP8266/ESP8266_RTOS_SDK/examples/get-started/my_project_mqtt/build/bootloader/spi_flash/libspi_flash.a(spi_flash.o)
                                          0xc (size before relaxing)
 .literal.spi_flash_issi_enable_QIO_mode
                0x00000000401001a8        0x0 /home/student/DEVEL/ESP8266/ESP8266_RTOS_SDK/examples/get-started/my_project_mqtt/build/bootloader/spi_flash/libspi_flash.a(spi_flash.o)
                                          0xc (size before relaxing)
 .literal.special_flash_set_mode
                0x00000000401001a8        0x0 /home/student/DEVEL/ESP8266/ESP8266_RTOS_SDK/examples/get-started/my_project_mqtt/build/bootloader/spi_flash/libspi_flash.a(spi_flash.o)
                                          0x8 (size before relaxing)
 .literal.en25q16x_write_volatile_status
                0x00000000401001a8        0x0 /home/student/DEVEL/ESP8266/ESP8266_RTOS_SDK/examples/get-started/my_project_mqtt/build/bootloader/spi_flash/libspi_flash.a(spi_flash.o)
                                         0x14 (size before relaxing)
 .literal.user_spi_flash_dio_to_qio_pre_init
                0x00000000401001a8        0xc /home/student/DEVEL/ESP8266/ESP8266_RTOS_SDK/examples/get-started/my_project_mqtt/build/bootloader/spi_flash/libspi_flash.a(spi_flash.o)
                                         0x30 (size before relaxing)
 .literal.esp_spi_flash_init
                0x00000000401001b4       0x20 /home/student/DEVEL/ESP8266/ESP8266_RTOS_SDK/examples/get-started/my_project_mqtt/build/bootloader/spi_flash/libspi_flash.a(spi_flash.o)
                                         0x28 (size before relaxing)
 .literal.Cache_Read_Disable_2
                0x00000000401001d4        0xc /home/student/DEVEL/ESP8266/ESP8266_RTOS_SDK/examples/get-started/my_project_mqtt/build/bootloader/spi_flash/libspi_flash.a(spi_flash_raw.o)
                                         0x10 (size before relaxing)
 .literal.Cache_Read_Enable_2
                0x00000000401001e0        0x4 /home/student/DEVEL/ESP8266/ESP8266_RTOS_SDK/examples/get-started/my_project_mqtt/build/bootloader/spi_flash/libspi_flash.a(spi_flash_raw.o)
                                          0xc (size before relaxing)
 .literal.spi_flash_get_id_raw
                0x00000000401001e4       0x10 /home/student/DEVEL/ESP8266/ESP8266_RTOS_SDK/examples/get-started/my_project_mqtt/build/bootloader/spi_flash/libspi_flash.a(spi_flash_raw.o)
                                         0x1c (size before relaxing)
 .literal.spi_flash_read_status_raw
                0x00000000401001f4        0x4 /home/student/DEVEL/ESP8266/ESP8266_RTOS_SDK/examples/get-started/my_project_mqtt/build/bootloader/spi_flash/libspi_flash.a(spi_flash_raw.o)
                                          0xc (size before relaxing)
 .literal.spi_flash_enable_qmode_raw
                0x00000000401001f8        0x4 /home/student/DEVEL/ESP8266/ESP8266_RTOS_SDK/examples/get-started/my_project_mqtt/build/bootloader/spi_flash/libspi_flash.a(spi_flash_raw.o)
                                         0x10 (size before relaxing)
 .literal.spi_user_cmd_raw
                0x00000000401001fc       0x64 /home/student/DEVEL/ESP8266/ESP8266_RTOS_SDK/examples/get-started/my_project_mqtt/build/bootloader/spi_flash/libspi_flash.a(spi_flash_raw.o)
                                         0x8c (size before relaxing)
 .literal.spi_flash_switch_to_qio_raw
                0x0000000040100260        0x8 /home/student/DEVEL/ESP8266/ESP8266_RTOS_SDK/examples/get-started/my_project_mqtt/build/bootloader/spi_flash/libspi_flash.a(spi_flash_raw.o)
                                          0xc (size before relaxing)
 .literal.uart_putc
                0x0000000040100268        0xc /home/student/DEVEL/ESP8266/ESP8266_RTOS_SDK/examples/get-started/my_project_mqtt/build/bootloader/esp8266/libesp8266.a(ets_printf.o)
 .literal.ets_putc
                0x0000000040100274        0x0 /home/student/DEVEL/ESP8266/ESP8266_RTOS_SDK/examples/get-started/my_project_mqtt/build/bootloader/esp8266/libesp8266.a(ets_printf.o)
                                          0x8 (size before relaxing)
 .literal.ets_vprintf
                0x0000000040100274        0x8 /home/student/DEVEL/ESP8266/ESP8266_RTOS_SDK/examples/get-started/my_project_mqtt/build/bootloader/esp8266/libesp8266.a(ets_printf.o)
 .literal.ets_printf
                0x000000004010027c        0x0 /home/student/DEVEL/ESP8266/ESP8266_RTOS_SDK/examples/get-started/my_project_mqtt/build/bootloader/esp8266/libesp8266.a(ets_printf.o)
                                          0x4 (size before relaxing)
 .literal.crc32_le
                0x000000004010027c        0x4 /home/student/DEVEL/ESP8266/ESP8266_RTOS_SDK/examples/get-started/my_project_mqtt/build/bootloader/util/libutil.a(crc.o)
 .iram1.0.literal
                0x0000000040100280        0x8 /home/student/DEVEL/ESP8266/ESP8266_RTOS_SDK/examples/get-started/my_project_mqtt/build/bootloader/log/liblog.a(log.o)
 .iram1.1.literal
                0x0000000040100288       0x18 /home/student/DEVEL/ESP8266/ESP8266_RTOS_SDK/examples/get-started/my_project_mqtt/build/bootloader/log/liblog.a(log.o)
                                         0x30 (size before relaxing)
 .text.selected_boot_partition
                0x00000000401002a0        0xf /home/student/DEVEL/ESP8266/ESP8266_RTOS_SDK/examples/get-started/my_project_mqtt/build/bootloader/main/libmain.a(bootloader_start.o)
                                         0x13 (size before relaxing)
 *fill*         0x00000000401002af        0x1 
 .text.select_image
                0x00000000401002b0       0x68 /home/student/DEVEL/ESP8266/ESP8266_RTOS_SDK/examples/get-started/my_project_mqtt/build/bootloader/main/libmain.a(bootloader_start.o)
                                         0x70 (size before relaxing)
 .text.call_start_cpu
                0x0000000040100318       0x26 /home/student/DEVEL/ESP8266/ESP8266_RTOS_SDK/examples/get-started/my_project_mqtt/build/bootloader/main/libmain.a(bootloader_start.o)
                                         0x2e (size before relaxing)
                0x0000000040100318                call_start_cpu
 *fill*         0x000000004010033e        0x2 
 .text.print_flash_info
                0x0000000040100340       0xc6 /home/student/DEVEL/ESP8266/ESP8266_RTOS_SDK/examples/get-started/my_project_mqtt/build/bootloader/bootloader_support/libbootloader_support.a(bootloader_init.o)
                                         0xca (size before relaxing)
 *fill*         0x0000000040100406        0x2 
 .text.uart_console_configure
                0x0000000040100408       0x17 /home/student/DEVEL/ESP8266/ESP8266_RTOS_SDK/examples/get-started/my_project_mqtt/build/bootloader/bootloader_support/libbootloader_support.a(bootloader_init.o)
 *fill*         0x000000004010041f        0x1 
 .text.update_flash_config
                0x0000000040100420       0x21 /home/student/DEVEL/ESP8266/ESP8266_RTOS_SDK/examples/get-started/my_project_mqtt/build/bootloader/bootloader_support/libbootloader_support.a(bootloader_init.o)
 *fill*         0x0000000040100441        0x3 
 .text.bootloader_main
                0x0000000040100444       0x69 /home/student/DEVEL/ESP8266/ESP8266_RTOS_SDK/examples/get-started/my_project_mqtt/build/bootloader/bootloader_support/libbootloader_support.a(bootloader_init.o)
                                         0x7d (size before relaxing)
 *fill*         0x00000000401004ad        0x3 
 .text.bootloader_init
                0x00000000401004b0       0x25 /home/student/DEVEL/ESP8266/ESP8266_RTOS_SDK/examples/get-started/my_project_mqtt/build/bootloader/bootloader_support/libbootloader_support.a(bootloader_init.o)
                                         0x29 (size before relaxing)
                0x00000000401004b0                bootloader_init
 *fill*         0x00000000401004d5        0x3 
 .text.log_invalid_app_partition
                0x00000000401004d8       0x4b /home/student/DEVEL/ESP8266/ESP8266_RTOS_SDK/examples/get-started/my_project_mqtt/build/bootloader/bootloader_support/libbootloader_support.a(bootloader_utility.o)
                                         0x53 (size before relaxing)
 *fill*         0x0000000040100523        0x1 
 .text.try_load_partition
                0x0000000040100524       0x3d /home/student/DEVEL/ESP8266/ESP8266_RTOS_SDK/examples/get-started/my_project_mqtt/build/bootloader/bootloader_support/libbootloader_support.a(bootloader_utility.o)
                                         0x41 (size before relaxing)
 *fill*         0x0000000040100561        0x3 
 .text.bootloader_utility_load_partition_table
                0x0000000040100564      0x171 /home/student/DEVEL/ESP8266/ESP8266_RTOS_SDK/examples/get-started/my_project_mqtt/build/bootloader/bootloader_support/libbootloader_support.a(bootloader_utility.o)
                                        0x185 (size before relaxing)
                0x0000000040100564                bootloader_utility_load_partition_table
 *fill*         0x00000000401006d5        0x3 
 .text.bootloader_utility_get_selected_boot_partition
                0x00000000401006d8      0x146 /home/student/DEVEL/ESP8266/ESP8266_RTOS_SDK/examples/get-started/my_project_mqtt/build/bootloader/bootloader_support/libbootloader_support.a(bootloader_utility.o)
                                        0x15e (size before relaxing)
                0x00000000401006d8                bootloader_utility_get_selected_boot_partition
 *fill*         0x000000004010081e        0x2 
 .text.bootloader_utility_load_boot_image
                0x0000000040100820       0xd6 /home/student/DEVEL/ESP8266/ESP8266_RTOS_SDK/examples/get-started/my_project_mqtt/build/bootloader/bootloader_support/libbootloader_support.a(bootloader_utility.o)
                                         0xfa (size before relaxing)
                0x0000000040100820                bootloader_utility_load_boot_image
 *fill*         0x00000000401008f6        0x2 
 .text.bootloader_utility_load_image
                0x00000000401008f8       0x69 /home/student/DEVEL/ESP8266/ESP8266_RTOS_SDK/examples/get-started/my_project_mqtt/build/bootloader/bootloader_support/libbootloader_support.a(bootloader_utility.o)
                0x00000000401008f8                bootloader_utility_load_image
 *fill*         0x0000000040100961        0x3 
 .text.bootloader_flash_read_no_decrypt
                0x0000000040100964       0x15 /home/student/DEVEL/ESP8266/ESP8266_RTOS_SDK/examples/get-started/my_project_mqtt/build/bootloader/bootloader_support/libbootloader_support.a(bootloader_flash.o)
 *fill*         0x0000000040100979        0x3 
 .text.bootloader_mmap
                0x000000004010097c       0x63 /home/student/DEVEL/ESP8266/ESP8266_RTOS_SDK/examples/get-started/my_project_mqtt/build/bootloader/bootloader_support/libbootloader_support.a(bootloader_flash.o)
                                         0x67 (size before relaxing)
                0x000000004010097c                bootloader_mmap
 *fill*         0x00000000401009df        0x1 
 .text.bootloader_munmap
                0x00000000401009e0       0x23 /home/student/DEVEL/ESP8266/ESP8266_RTOS_SDK/examples/get-started/my_project_mqtt/build/bootloader/bootloader_support/libbootloader_support.a(bootloader_flash.o)
                0x00000000401009e0                bootloader_munmap
 *fill*         0x0000000040100a03        0x1 
 .text.bootloader_flash_read
                0x0000000040100a04       0x62 /home/student/DEVEL/ESP8266/ESP8266_RTOS_SDK/examples/get-started/my_project_mqtt/build/bootloader/bootloader_support/libbootloader_support.a(bootloader_flash.o)
                                         0x65 (size before relaxing)
                0x0000000040100a04                bootloader_flash_read
 *fill*         0x0000000040100a66        0x2 
 .text.bootloader_common_ota_select_crc
                0x0000000040100a68       0x18 /home/student/DEVEL/ESP8266/ESP8266_RTOS_SDK/examples/get-started/my_project_mqtt/build/bootloader/bootloader_support/libbootloader_support.a(bootloader_common.o)
                0x0000000040100a68                bootloader_common_ota_select_crc
 .text.bootloader_common_ota_select_valid
                0x0000000040100a80       0x2c /home/student/DEVEL/ESP8266/ESP8266_RTOS_SDK/examples/get-started/my_project_mqtt/build/bootloader/bootloader_support/libbootloader_support.a(bootloader_common.o)
                0x0000000040100a80                bootloader_common_ota_select_valid
 .text.esp_partition_table_basic_verify
                0x0000000040100aac       0xe7 /home/student/DEVEL/ESP8266/ESP8266_RTOS_SDK/examples/get-started/my_project_mqtt/build/bootloader/bootloader_support/libbootloader_support.a(flash_partitions.o)
                                         0xeb (size before relaxing)
                0x0000000040100aac                esp_partition_table_basic_verify
 *fill*         0x0000000040100b93        0x1 
 .text.should_map
                0x0000000040100b94       0x15 /home/student/DEVEL/ESP8266/ESP8266_RTOS_SDK/examples/get-started/my_project_mqtt/build/bootloader/bootloader_support/libbootloader_support.a(esp_image_format.o)
 *fill*         0x0000000040100ba9        0x3 
 .text.should_load
                0x0000000040100bac       0x19 /home/student/DEVEL/ESP8266/ESP8266_RTOS_SDK/examples/get-started/my_project_mqtt/build/bootloader/bootloader_support/libbootloader_support.a(esp_image_format.o)
                                         0x1d (size before relaxing)
 *fill*         0x0000000040100bc5        0x3 
 .text.verify_image_header
                0x0000000040100bc8       0x7d /home/student/DEVEL/ESP8266/ESP8266_RTOS_SDK/examples/get-started/my_project_mqtt/build/bootloader/bootloader_support/libbootloader_support.a(esp_image_format.o)
                                         0x85 (size before relaxing)
 *fill*         0x0000000040100c45        0x3 
 .text.process_segment_data
                0x0000000040100c48       0x87 /home/student/DEVEL/ESP8266/ESP8266_RTOS_SDK/examples/get-started/my_project_mqtt/build/bootloader/bootloader_support/libbootloader_support.a(esp_image_format.o)
                                         0x8f (size before relaxing)
 *fill*         0x0000000040100ccf        0x1 
 .text.verify_checksum
                0x0000000040100cd0       0x92 /home/student/DEVEL/ESP8266/ESP8266_RTOS_SDK/examples/get-started/my_project_mqtt/build/bootloader/bootloader_support/libbootloader_support.a(esp_image_format.o)
                                         0x9a (size before relaxing)
 *fill*         0x0000000040100d62        0x2 
 .text.process_segment
                0x0000000040100d64      0x11a /home/student/DEVEL/ESP8266/ESP8266_RTOS_SDK/examples/get-started/my_project_mqtt/build/bootloader/bootloader_support/libbootloader_support.a(esp_image_format.o)
                                        0x12a (size before relaxing)
 *fill*         0x0000000040100e7e        0x2 
 .text.esp_image_load
                0x0000000040100e80      0x193 /home/student/DEVEL/ESP8266/ESP8266_RTOS_SDK/examples/get-started/my_project_mqtt/build/bootloader/bootloader_support/libbootloader_support.a(esp_image_format.o)
                                        0x1ab (size before relaxing)
                0x0000000040100e80                esp_image_load
 *fill*         0x0000000040101013        0x1 
 .text.spi_user_cmd
                0x0000000040101014       0x4d /home/student/DEVEL/ESP8266/ESP8266_RTOS_SDK/examples/get-started/my_project_mqtt/build/bootloader/spi_flash/libspi_flash.a(spi_flash.o)
                0x0000000040101014                spi_user_cmd
 *fill*         0x0000000040101061        0x3 
 .text.special_flash_read_status
                0x0000000040101064       0x39 /home/student/DEVEL/ESP8266/ESP8266_RTOS_SDK/examples/get-started/my_project_mqtt/build/bootloader/spi_flash/libspi_flash.a(spi_flash.o)
                                         0x3d (size before relaxing)
                0x0000000040101064                special_flash_read_status
 *fill*         0x000000004010109d        0x3 
 .text.flash_gd25q32c_read_status
                0x00000000401010a0       0x33 /home/student/DEVEL/ESP8266/ESP8266_RTOS_SDK/examples/get-started/my_project_mqtt/build/bootloader/spi_flash/libspi_flash.a(spi_flash.o)
 *fill*         0x00000000401010d3        0x1 
 .text.special_flash_write_status
                0x00000000401010d4       0x59 /home/student/DEVEL/ESP8266/ESP8266_RTOS_SDK/examples/get-started/my_project_mqtt/build/bootloader/spi_flash/libspi_flash.a(spi_flash.o)
                                         0x61 (size before relaxing)
                0x00000000401010d4                special_flash_write_status
 *fill*         0x000000004010112d        0x3 
 .text.spi_flash_enable_qio_bit6
                0x0000000040101130       0x17 /home/student/DEVEL/ESP8266/ESP8266_RTOS_SDK/examples/get-started/my_project_mqtt/build/bootloader/spi_flash/libspi_flash.a(spi_flash.o)
                                         0x1b (size before relaxing)
 *fill*         0x0000000040101147        0x1 
 .text.flash_gd25q32c_write_status
                0x0000000040101148       0x30 /home/student/DEVEL/ESP8266/ESP8266_RTOS_SDK/examples/get-started/my_project_mqtt/build/bootloader/spi_flash/libspi_flash.a(spi_flash.o)
 .text.flash_gd25q32c_enable_QIO_mode
                0x0000000040101178       0x3e /home/student/DEVEL/ESP8266/ESP8266_RTOS_SDK/examples/get-started/my_project_mqtt/build/bootloader/spi_flash/libspi_flash.a(spi_flash.o)
                                         0x46 (size before relaxing)
 *fill*         0x00000000401011b6        0x2 
 .text.en25q16x_read_sfdp
                0x00000000401011b8       0x43 /home/student/DEVEL/ESP8266/ESP8266_RTOS_SDK/examples/get-started/my_project_mqtt/build/bootloader/spi_flash/libspi_flash.a(spi_flash.o)
                0x00000000401011b8                en25q16x_read_sfdp
 *fill*         0x00000000401011fb        0x1 
 .text.spi_flash_get_id
                0x00000000401011fc       0x26 /home/student/DEVEL/ESP8266/ESP8266_RTOS_SDK/examples/get-started/my_project_mqtt/build/bootloader/spi_flash/libspi_flash.a(spi_flash.o)
                0x00000000401011fc                spi_flash_get_id
 *fill*         0x0000000040101222        0x2 
 .text.spi_flash_read_status
                0x0000000040101224       0x28 /home/student/DEVEL/ESP8266/ESP8266_RTOS_SDK/examples/get-started/my_project_mqtt/build/bootloader/spi_flash/libspi_flash.a(spi_flash.o)
                0x0000000040101224                spi_flash_read_status
 .text.spi_flash_issi_enable_QIO_mode
                0x000000004010124c       0x43 /home/student/DEVEL/ESP8266/ESP8266_RTOS_SDK/examples/get-started/my_project_mqtt/build/bootloader/spi_flash/libspi_flash.a(spi_flash.o)
                                         0x4b (size before relaxing)
 *fill*         0x000000004010128f        0x1 
 .text.special_flash_set_mode
                0x0000000040101290       0x40 /home/student/DEVEL/ESP8266/ESP8266_RTOS_SDK/examples/get-started/my_project_mqtt/build/bootloader/spi_flash/libspi_flash.a(spi_flash.o)
                                         0x44 (size before relaxing)
                0x0000000040101290                special_flash_set_mode
 .text.en25q16x_write_volatile_status
                0x00000000401012d0       0x4f /home/student/DEVEL/ESP8266/ESP8266_RTOS_SDK/examples/get-started/my_project_mqtt/build/bootloader/spi_flash/libspi_flash.a(spi_flash.o)
                                         0x5b (size before relaxing)
                0x00000000401012d0                en25q16x_write_volatile_status
 *fill*         0x000000004010131f        0x1 
 .text.user_spi_flash_dio_to_qio_pre_init
                0x0000000040101320       0xb9 /home/student/DEVEL/ESP8266/ESP8266_RTOS_SDK/examples/get-started/my_project_mqtt/build/bootloader/spi_flash/libspi_flash.a(spi_flash.o)
                                         0xc5 (size before relaxing)
                0x0000000040101320                user_spi_flash_dio_to_qio_pre_init
 *fill*         0x00000000401013d9        0x3 
 .text.esp_spi_flash_init
                0x00000000401013dc       0xc1 /home/student/DEVEL/ESP8266/ESP8266_RTOS_SDK/examples/get-started/my_project_mqtt/build/bootloader/spi_flash/libspi_flash.a(spi_flash.o)
                                         0xc5 (size before relaxing)
                0x00000000401013dc                esp_spi_flash_init
 *fill*         0x000000004010149d        0x3 
 .text.Cache_Read_Disable_2
                0x00000000401014a0       0x34 /home/student/DEVEL/ESP8266/ESP8266_RTOS_SDK/examples/get-started/my_project_mqtt/build/bootloader/spi_flash/libspi_flash.a(spi_flash_raw.o)
                0x00000000401014a0                Cache_Read_Disable_2
 .text.Cache_Read_Enable_2
                0x00000000401014d4       0x28 /home/student/DEVEL/ESP8266/ESP8266_RTOS_SDK/examples/get-started/my_project_mqtt/build/bootloader/spi_flash/libspi_flash.a(spi_flash_raw.o)
                0x00000000401014d4                Cache_Read_Enable_New
                0x00000000401014d4                Cache_Read_Enable_2
 .text.spi_flash_get_id_raw
                0x00000000401014fc       0x57 /home/student/DEVEL/ESP8266/ESP8266_RTOS_SDK/examples/get-started/my_project_mqtt/build/bootloader/spi_flash/libspi_flash.a(spi_flash_raw.o)
                0x00000000401014fc                spi_flash_get_id_raw
 *fill*         0x0000000040101553        0x1 
 .text.spi_flash_read_status_raw
                0x0000000040101554       0x2f /home/student/DEVEL/ESP8266/ESP8266_RTOS_SDK/examples/get-started/my_project_mqtt/build/bootloader/spi_flash/libspi_flash.a(spi_flash_raw.o)
                                         0x33 (size before relaxing)
                0x0000000040101554                spi_flash_read_status_raw
 *fill*         0x0000000040101583        0x1 
 .text.spi_flash_enable_qmode_raw
                0x0000000040101584       0x33 /home/student/DEVEL/ESP8266/ESP8266_RTOS_SDK/examples/get-started/my_project_mqtt/build/bootloader/spi_flash/libspi_flash.a(spi_flash_raw.o)
                                         0x37 (size before relaxing)
                0x0000000040101584                spi_flash_enable_qmode_raw
 *fill*         0x00000000401015b7        0x1 
 .text.spi_user_cmd_raw
                0x00000000401015b8      0x3d7 /home/student/DEVEL/ESP8266/ESP8266_RTOS_SDK/examples/get-started/my_project_mqtt/build/bootloader/spi_flash/libspi_flash.a(spi_flash_raw.o)
                0x00000000401015b8                spi_user_cmd_raw
 *fill*         0x000000004010198f        0x1 
 .text.spi_flash_switch_to_qio_raw
                0x0000000040101990       0x25 /home/student/DEVEL/ESP8266/ESP8266_RTOS_SDK/examples/get-started/my_project_mqtt/build/bootloader/spi_flash/libspi_flash.a(spi_flash_raw.o)
                0x0000000040101990                spi_flash_switch_to_qio_raw
 *fill*         0x00000000401019b5        0x3 
 .text.uart_putc
                0x00000000401019b8       0x21 /home/student/DEVEL/ESP8266/ESP8266_RTOS_SDK/examples/get-started/my_project_mqtt/build/bootloader/esp8266/libesp8266.a(ets_printf.o)
 *fill*         0x00000000401019d9        0x3 
 .text.ets_putc
                0x00000000401019dc       0x27 /home/student/DEVEL/ESP8266/ESP8266_RTOS_SDK/examples/get-started/my_project_mqtt/build/bootloader/esp8266/libesp8266.a(ets_printf.o)
                0x00000000401019dc                ets_putc
 *fill*         0x0000000040101a03        0x1 
 .text.ets_vprintf
                0x0000000040101a04       0x1f /home/student/DEVEL/ESP8266/ESP8266_RTOS_SDK/examples/get-started/my_project_mqtt/build/bootloader/esp8266/libesp8266.a(ets_printf.o)
                0x0000000040101a04                ets_vprintf
 *fill*         0x0000000040101a23        0x1 
 .text.ets_printf
                0x0000000040101a24       0x27 /home/student/DEVEL/ESP8266/ESP8266_RTOS_SDK/examples/get-started/my_project_mqtt/build/bootloader/esp8266/libesp8266.a(ets_printf.o)
                                         0x2b (size before relaxing)
                0x0000000040101a24                ets_printf
 *fill*         0x0000000040101a4b        0x1 
 .text.crc32_le
                0x0000000040101a4c       0x2f /home/student/DEVEL/ESP8266/ESP8266_RTOS_SDK/examples/get-started/my_project_mqtt/build/bootloader/util/libutil.a(crc.o)
                0x0000000040101a4c                crc32_le
 *fill*         0x0000000040101a7b        0x1 
 .text.phy_reg_default
                0x0000000040101a7c       0x36 /home/student/DEVEL/ESP8266/ESP8266_RTOS_SDK/components/esp8266/lib/libcore.a(phy.o)
                0x0000000040101a8c                phy_reg_default
 *fill*         0x0000000040101ab2        0x2 
 .text.uart_div_modify
                0x0000000040101ab4       0x50 /home/student/DEVEL/ESP8266/ESP8266_RTOS_SDK/components/esp8266/lib/libcore.a(uart.o)
                0x0000000040101ac4                uart_div_modify
 *fill*         0x0000000040101b04        0x0 
 *fill*         0x0000000040101b04        0x0 
 *fill*         0x0000000040101b04        0x0 
 *fill*         0x0000000040101b04        0x0 
 *fill*         0x0000000040101b04        0x0 
 *fill*         0x0000000040101b04        0x0 
 *fill*         0x0000000040101b04        0x0 
 .text.index_to_partition
                0x0000000040101b04       0x4b /home/student/DEVEL/ESP8266/ESP8266_RTOS_SDK/examples/get-started/my_project_mqtt/build/bootloader/bootloader_support/libbootloader_support.a(bootloader_utility.o)
 *fill*         0x0000000040101b4f        0x0 
 *fill*         0x0000000040101b4f        0x0 
 *fill*         0x0000000040101b4f        0x0 
 *fill*         0x0000000040101b4f        0x0 
 *fill*         0x0000000040101b4f        0x0 
 *fill*         0x0000000040101b4f        0x0 
 *fill*         0x0000000040101b4f        0x0 
 *fill*         0x0000000040101b4f        0x0 
 *fill*         0x0000000040101b4f        0x0 
 *fill*         0x0000000040101b4f        0x0 
 *fill*         0x0000000040101b4f        0x0 
 *fill*         0x0000000040101b4f        0x1 
 .text.verify_segment_header
                0x0000000040101b50        0x4 /home/student/DEVEL/ESP8266/ESP8266_RTOS_SDK/examples/get-started/my_project_mqtt/build/bootloader/bootloader_support/libbootloader_support.a(esp_image_format.o)
 *fill*         0x0000000040101b54        0x0 
 *fill*         0x0000000040101b54        0x0 
 *fill*         0x0000000040101b54        0x0 
 *fill*         0x0000000040101b54        0x0 
 *fill*         0x0000000040101b54        0x0 
 *fill*         0x0000000040101b54        0x0 
 *fill*         0x0000000040101b54        0x0 
 *fill*         0x0000000040101b54        0x0 
 *fill*         0x0000000040101b54        0x0 
 *fill*         0x0000000040101b54        0x0 
 *fill*         0x0000000040101b54        0x0 
 *fill*         0x0000000040101b54        0x0 
 *fill*         0x0000000040101b54        0x0 
 *fill*         0x0000000040101b54        0x0 
 *fill*         0x0000000040101b54        0x0 
 *fill*         0x0000000040101b54        0x0 
 *fill*         0x0000000040101b54        0x0 
 *fill*         0x0000000040101b54        0x0 
 *fill*         0x0000000040101b54        0x0 
 *fill*         0x0000000040101b54        0x0 
 *fill*         0x0000000040101b54        0x0 
 *fill*         0x0000000040101b54        0x0 
 *fill*         0x0000000040101b54        0x0 
 *fill*         0x0000000040101b54        0x0 
 *fill*         0x0000000040101b54        0x0 
 *fill*         0x0000000040101b54        0x0 
 *fill*         0x0000000040101b54        0x0 
 *fill*         0x0000000040101b54        0x0 
 *fill*         0x0000000040101b54        0x0 
 *fill*         0x0000000040101b54        0x0 
 *(.iram1 .iram1.*)
 .iram1.0       0x0000000040101b54       0x18 /home/student/DEVEL/ESP8266/ESP8266_RTOS_SDK/examples/get-started/my_project_mqtt/build/bootloader/log/liblog.a(log.o)
                0x0000000040101b54                esp_log_early_timestamp
 .iram1.1       0x0000000040101b6c       0x92 /home/student/DEVEL/ESP8266/ESP8266_RTOS_SDK/examples/get-started/my_project_mqtt/build/bootloader/log/liblog.a(log.o)
                                         0x9d (size before relaxing)
                0x0000000040101b6c                esp_early_log_write
 *(.fini.literal)
 *(.fini)
 *(.gnu.version)
                0x0000000040101bfe                _text_end = ABSOLUTE (.)
                0x0000000040101bfe                _etext = .

.bss            0x000000003ffe8000      0x408
                0x000000003ffe8000                . = ALIGN (0x8)
                0x000000003ffe8000                _bss_start = ABSOLUTE (.)
 *(.dynsbss)
 *(.sbss)
 *(.sbss.*)
 *(.gnu.linkonce.sb.*)
 *(.scommon)
 *(.sbss2)
 *(.sbss2.*)
 *(.gnu.linkonce.sb2.*)
 *(.dynbss)
 *(.bss)
 *(.bss.*)
 .bss.mapped    0x000000003ffe8000        0x1 /home/student/DEVEL/ESP8266/ESP8266_RTOS_SDK/examples/get-started/my_project_mqtt/build/bootloader/bootloader_support/libbootloader_support.a(bootloader_flash.o)
 *fill*         0x000000003ffe8001        0x3 
 .bss.pbuf$3464
                0x000000003ffe8004      0x400 /home/student/DEVEL/ESP8266/ESP8266_RTOS_SDK/examples/get-started/my_project_mqtt/build/bootloader/bootloader_support/libbootloader_support.a(esp_image_format.o)
 .bss.FlashIsOnGoing
                0x000000003ffe8404        0x1 /home/student/DEVEL/ESP8266/ESP8266_RTOS_SDK/examples/get-started/my_project_mqtt/build/bootloader/spi_flash/libspi_flash.a(spi_flash.o)
                0x000000003ffe8404                FlashIsOnGoing
 *(.gnu.linkonce.b.*)
 *(COMMON)
                0x000000003ffe8408                . = ALIGN (0x8)
 *fill*         0x000000003ffe8405        0x3 
                0x000000003ffe8408                _bss_end = ABSOLUTE (.)

.data           0x000000003ffe8408       0x18
                0x000000003ffe8408                _data_start = ABSOLUTE (.)
 *(.data)
 *(.data.*)
 .data.g_rom_flashchip
                0x000000003ffe8408       0x18 /home/student/DEVEL/ESP8266/ESP8266_RTOS_SDK/examples/get-started/my_project_mqtt/build/bootloader/spi_flash/libspi_flash.a(spi_flash.o)
                0x000000003ffe8408                g_rom_flashchip
 *(.gnu.linkonce.d.*)
 *(.data1)
 *(.sdata)
 *(.sdata.*)
 *(.gnu.linkonce.s.*)
 *(.sdata2)
 *(.sdata2.*)
 *(.gnu.linkonce.s2.*)
 *(.jcr)
                0x000000003ffe8420                _data_end = ABSOLUTE (.)

.rodata         0x000000003ffe8420      0xde0
                0x000000003ffe8420                _rodata_start = ABSOLUTE (.)
 *(.rodata)
 *(.rodata.*)
 .rodata.str1.4
                0x000000003ffe8420       0x21 /home/student/DEVEL/ESP8266/ESP8266_RTOS_SDK/examples/get-started/my_project_mqtt/build/bootloader/main/libmain.a(bootloader_start.o)
 *fill*         0x000000003ffe8441        0x3 
 .rodata.str1.4
                0x000000003ffe8444       0xfe /home/student/DEVEL/ESP8266/ESP8266_RTOS_SDK/examples/get-started/my_project_mqtt/build/bootloader/bootloader_support/libbootloader_support.a(bootloader_init.o)
                                        0x10a (size before relaxing)
 *fill*         0x000000003ffe8542        0x2 
 .rodata.print_flash_info
                0x000000003ffe8544       0x28 /home/student/DEVEL/ESP8266/ESP8266_RTOS_SDK/examples/get-started/my_project_mqtt/build/bootloader/bootloader_support/libbootloader_support.a(bootloader_init.o)
 .rodata.str1.4
                0x000000003ffe856c      0x38a /home/student/DEVEL/ESP8266/ESP8266_RTOS_SDK/examples/get-started/my_project_mqtt/build/bootloader/bootloader_support/libbootloader_support.a(bootloader_utility.o)
                                        0x392 (size before relaxing)
 *fill*         0x000000003ffe88f6        0x2 
 .rodata.str1.4
                0x000000003ffe88f8      0x17b /home/student/DEVEL/ESP8266/ESP8266_RTOS_SDK/examples/get-started/my_project_mqtt/build/bootloader/bootloader_support/libbootloader_support.a(bootloader_flash.o)
 *fill*         0x000000003ffe8a73        0x1 
 .rodata.str1.4
                0x000000003ffe8a74       0xb4 /home/student/DEVEL/ESP8266/ESP8266_RTOS_SDK/examples/get-started/my_project_mqtt/build/bootloader/bootloader_support/libbootloader_support.a(flash_partitions.o)
 .rodata.str1.4
                0x000000003ffe8b28      0x26b /home/student/DEVEL/ESP8266/ESP8266_RTOS_SDK/examples/get-started/my_project_mqtt/build/bootloader/bootloader_support/libbootloader_support.a(esp_image_format.o)
                                        0x26f (size before relaxing)
 *fill*         0x000000003ffe8d93        0x1 
 .rodata.str1.4
                0x000000003ffe8d94       0x29 /home/student/DEVEL/ESP8266/ESP8266_RTOS_SDK/examples/get-started/my_project_mqtt/build/bootloader/spi_flash/libspi_flash.a(spi_flash.o)
 *fill*         0x000000003ffe8dbd        0x3 
 .rodata.str1.4
                0x000000003ffe8dc0       0x20 /home/student/DEVEL/ESP8266/ESP8266_RTOS_SDK/examples/get-started/my_project_mqtt/build/bootloader/log/liblog.a(log.o)
                                         0x22 (size before relaxing)
 .rodata.s_log_prefix
                0x000000003ffe8de0        0x6 /home/student/DEVEL/ESP8266/ESP8266_RTOS_SDK/examples/get-started/my_project_mqtt/build/bootloader/log/liblog.a(log.o)
 *fill*         0x000000003ffe8de6        0x2 
 .rodata.s_log_color
                0x000000003ffe8de8       0x18 /home/student/DEVEL/ESP8266/ESP8266_RTOS_SDK/examples/get-started/my_project_mqtt/build/bootloader/log/liblog.a(log.o)
 .rodata.crc32_le_table
                0x000000003ffe8e00      0x400 /home/student/DEVEL/ESP8266/ESP8266_RTOS_SDK/examples/get-started/my_project_mqtt/build/bootloader/util/libutil.a(crc.o)
 *(.gnu.linkonce.r.*)
 *(.rodata1)
                0x000000003ffe9200                __XT_EXCEPTION_TABLE_ = ABSOLUTE (.)
 *(.xt_except_table)
 *(.gcc_except_table)
 *(.gnu.linkonce.e.*)
 *(.gnu.version_r)
 *(.eh_frame)
                0x000000003ffe9200                . = ((. + 0x3) & 0xfffffffffffffffc)
                0x000000003ffe9200                __init_array_start = ABSOLUTE (.)
 *crtbegin.o(.ctors)
 *(EXCLUDE_FILE(*crtend.o) .ctors)
 *(SORT(.ctors.*))
 *(.ctors)
                0x000000003ffe9200                __init_array_end = ABSOLUTE (.)
 *crtbegin.o(.dtors)
 *(EXCLUDE_FILE(*crtend.o) .dtors)
 *(SORT(.dtors.*))
 *(.dtors)
                0x000000003ffe9200                __XT_EXCEPTION_DESCS_ = ABSOLUTE (.)
 *(.xt_except_desc)
 *(.gnu.linkonce.h.*)
                0x000000003ffe9200                __XT_EXCEPTION_DESCS_END__ = ABSOLUTE (.)
 *(.xt_except_desc_end)
 *(.dynamic)
 *(.gnu.version_d)
                0x000000003ffe9200                _rodata_end = ABSOLUTE (.)
                0x000000003ffe9200                _lit4_start = ABSOLUTE (.)
 *(*.lit4)
 *(.lit4.*)
 *(.gnu.linkonce.lit4.*)
                0x000000003ffe9200                _lit4_end = ABSOLUTE (.)
                0x000000003ffe9200                . = ALIGN (0x4)
                0x000000003ffe9200                _heap_start = ABSOLUTE (.)
                0x0000000060001100                PROVIDE (rtc_sys_info, 0x60001100)
                0x00000000400040c0                PROVIDE (SPI_sector_erase, 0x400040c0)
                0x0000000040004174                PROVIDE (SPI_page_program, 0x40004174)
                0x00000000400042ac                PROVIDE (SPI_read_data, 0x400042ac)
                0x00000000400043c8                PROVIDE (SPI_read_status, 0x400043c8)
                0x0000000040004400                PROVIDE (SPI_write_status, 0x40004400)
                0x000000004000443c                PROVIDE (SPI_write_enable, 0x4000443c)
                0x000000004000448c                PROVIDE (Wait_SPI_Idle, 0x4000448c)
                0x00000000400044c0                PROVIDE (Enable_QMode, 0x400044c0)
                [!provide]                        PROVIDE (Disable_QMode, 0x40004508)
                0x0000000040004678                PROVIDE (Cache_Read_Enable, 0x40004678)
                0x00000000400047f0                PROVIDE (Cache_Read_Disable, 0x400047f0)
                [!provide]                        PROVIDE (lldesc_build_chain, 0x40004f40)
                [!provide]                        PROVIDE (lldesc_num2link, 0x40005050)
                [!provide]                        PROVIDE (lldesc_set_owner, 0x4000507c)
                [!provide]                        PROVIDE (__adddf3, 0x4000c538)
                [!provide]                        PROVIDE (__addsf3, 0x4000c180)
                [!provide]                        PROVIDE (__divdf3, 0x4000cb94)
                [!provide]                        PROVIDE (__divdi3, 0x4000ce60)
                [!provide]                        PROVIDE (__divsi3, 0x4000dc88)
                [!provide]                        PROVIDE (__extendsfdf2, 0x4000cdfc)
                [!provide]                        PROVIDE (__fixdfsi, 0x4000ccb8)
                [!provide]                        PROVIDE (__fixunsdfsi, 0x4000cd00)
                [!provide]                        PROVIDE (__fixunssfsi, 0x4000c4c4)
                [!provide]                        PROVIDE (__floatsidf, 0x4000e2f0)
                [!provide]                        PROVIDE (__floatsisf, 0x4000e2ac)
                [!provide]                        PROVIDE (__floatunsidf, 0x4000e2e8)
                [!provide]                        PROVIDE (__floatunsisf, 0x4000e2a4)
                [!provide]                        PROVIDE (__muldf3, 0x4000c8f0)
                [!provide]                        PROVIDE (__muldi3, 0x40000650)
                [!provide]                        PROVIDE (__mulsf3, 0x4000c3dc)
                [!provide]                        PROVIDE (__subdf3, 0x4000c688)
                [!provide]                        PROVIDE (__subsf3, 0x4000c268)
                [!provide]                        PROVIDE (__truncdfsf2, 0x4000cd5c)
                [!provide]                        PROVIDE (__udivdi3, 0x4000d310)
                0x000000004000e21c                PROVIDE (__udivsi3, 0x4000e21c)
                [!provide]                        PROVIDE (__umoddi3, 0x4000d770)
                0x000000004000e268                PROVIDE (__umodsi3, 0x4000e268)
                [!provide]                        PROVIDE (__umulsidi3, 0x4000dcf0)
                [!provide]                        PROVIDE (bzero, 0x4000de84)
                [!provide]                        PROVIDE (memcmp, 0x4000dea8)
                0x000000004000df48                PROVIDE (memcpy, 0x4000df48)
                [!provide]                        PROVIDE (memmove, 0x4000e04c)
                0x000000004000e190                PROVIDE (memset, 0x4000e190)
                [!provide]                        PROVIDE (strcmp, 0x4000bdc8)
                [!provide]                        PROVIDE (strcpy, 0x4000bec8)
                [!provide]                        PROVIDE (strlen, 0x4000bf4c)
                [!provide]                        PROVIDE (strncmp, 0x4000bfa8)
                [!provide]                        PROVIDE (strncpy, 0x4000c0a0)
                [!provide]                        PROVIDE (strstr, 0x4000e1e0)
                0x0000000040004cf0                PROVIDE (gpio_input_get, 0x40004cf0)
                [!provide]                        PROVIDE (gpio_pin_wakeup_disable, 0x40004ed4)
                [!provide]                        PROVIDE (gpio_pin_wakeup_enable, 0x40004e90)
                0x0000000040001f00                PROVIDE (ets_io_vprintf, 0x40001f00)
                [!provide]                        PROVIDE (uart_rx_one_char, 0x40003b8c)
                [!provide]                        PROVIDE (rom_i2c_readReg, 0x40007268)
                [!provide]                        PROVIDE (rom_i2c_readReg_Mask, 0x4000729c)
                [!provide]                        PROVIDE (rom_i2c_writeReg, 0x400072d8)
                [!provide]                        PROVIDE (rom_i2c_writeReg_Mask, 0x4000730c)
                [!provide]                        PROVIDE (rom_software_reboot, 0x40000080)
                [!provide]                        PROVIDE (ets_memcpy, 0x400018b4)
                0x0000000040004b1c                PROVIDE (SPIRead, 0x40004b1c)
                0x0000000040004a4c                PROVIDE (SPIWrite, 0x40004a4c)
                0x0000000040004a00                PROVIDE (SPIEraseSector, 0x40004a00)
                [!provide]                        PROVIDE (gpio_input_get, 0x40004cf0)
                [!provide]                        PROVIDE (xthal_get_ccount, 0x4000dd38)
                [!provide]                        PROVIDE (uart_div_modify, 0x400039d8)
                [!provide]                        PROVIDE (ets_io_vprintf, 0x40001f00)
OUTPUT(/home/student/DEVEL/ESP8266/ESP8266_RTOS_SDK/examples/get-started/my_project_mqtt/build/bootloader/bootloader.elf elf32-xtensa-le)

.debug_frame    0x0000000000000000      0xab8
 .debug_frame   0x0000000000000000       0x74 /home/student/DEVEL/ESP8266/ESP8266_RTOS_SDK/examples/get-started/my_project_mqtt/build/bootloader/main/libmain.a(bootloader_start.o)
 .debug_frame   0x0000000000000074       0xb4 /home/student/DEVEL/ESP8266/ESP8266_RTOS_SDK/examples/get-started/my_project_mqtt/build/bootloader/bootloader_support/libbootloader_support.a(bootloader_init.o)
 .debug_frame   0x0000000000000128       0xfc /home/student/DEVEL/ESP8266/ESP8266_RTOS_SDK/examples/get-started/my_project_mqtt/build/bootloader/bootloader_support/libbootloader_support.a(bootloader_utility.o)
 .debug_frame   0x0000000000000224       0xd8 /home/student/DEVEL/ESP8266/ESP8266_RTOS_SDK/examples/get-started/my_project_mqtt/build/bootloader/bootloader_support/libbootloader_support.a(bootloader_flash.o)
 .debug_frame   0x00000000000002fc       0x74 /home/student/DEVEL/ESP8266/ESP8266_RTOS_SDK/examples/get-started/my_project_mqtt/build/bootloader/bootloader_support/libbootloader_support.a(bootloader_common.o)
 .debug_frame   0x0000000000000370       0x38 /home/student/DEVEL/ESP8266/ESP8266_RTOS_SDK/examples/get-started/my_project_mqtt/build/bootloader/bootloader_support/libbootloader_support.a(flash_partitions.o)
 .debug_frame   0x00000000000003a8      0x13c /home/student/DEVEL/ESP8266/ESP8266_RTOS_SDK/examples/get-started/my_project_mqtt/build/bootloader/bootloader_support/libbootloader_support.a(esp_image_format.o)
 .debug_frame   0x00000000000004e4      0x350 /home/student/DEVEL/ESP8266/ESP8266_RTOS_SDK/examples/get-started/my_project_mqtt/build/bootloader/spi_flash/libspi_flash.a(spi_flash.o)
 .debug_frame   0x0000000000000834      0x16c /home/student/DEVEL/ESP8266/ESP8266_RTOS_SDK/examples/get-started/my_project_mqtt/build/bootloader/spi_flash/libspi_flash.a(spi_flash_raw.o)
 .debug_frame   0x00000000000009a0       0x58 /home/student/DEVEL/ESP8266/ESP8266_RTOS_SDK/examples/get-started/my_project_mqtt/build/bootloader/log/liblog.a(log.o)
 .debug_frame   0x00000000000009f8       0x80 /home/student/DEVEL/ESP8266/ESP8266_RTOS_SDK/examples/get-started/my_project_mqtt/build/bootloader/esp8266/libesp8266.a(ets_printf.o)
 .debug_frame   0x0000000000000a78       0x40 /home/student/DEVEL/ESP8266/ESP8266_RTOS_SDK/examples/get-started/my_project_mqtt/build/bootloader/util/libutil.a(crc.o)

.debug_info     0x0000000000000000     0x51f3
 .debug_info    0x0000000000000000      0x4b5 /home/student/DEVEL/ESP8266/ESP8266_RTOS_SDK/examples/get-started/my_project_mqtt/build/bootloader/main/libmain.a(bootloader_start.o)
 .debug_info    0x00000000000004b5      0x4fd /home/student/DEVEL/ESP8266/ESP8266_RTOS_SDK/examples/get-started/my_project_mqtt/build/bootloader/bootloader_support/libbootloader_support.a(bootloader_init.o)
 .debug_info    0x00000000000009b2      0xd5a /home/student/DEVEL/ESP8266/ESP8266_RTOS_SDK/examples/get-started/my_project_mqtt/build/bootloader/bootloader_support/libbootloader_support.a(bootloader_utility.o)
 .debug_info    0x000000000000170c      0x506 /home/student/DEVEL/ESP8266/ESP8266_RTOS_SDK/examples/get-started/my_project_mqtt/build/bootloader/bootloader_support/libbootloader_support.a(bootloader_flash.o)
 .debug_info    0x0000000000001c12      0x341 /home/student/DEVEL/ESP8266/ESP8266_RTOS_SDK/examples/get-started/my_project_mqtt/build/bootloader/bootloader_support/libbootloader_support.a(bootloader_common.o)
 .debug_info    0x0000000000001f53      0x3d6 /home/student/DEVEL/ESP8266/ESP8266_RTOS_SDK/examples/get-started/my_project_mqtt/build/bootloader/bootloader_support/libbootloader_support.a(flash_partitions.o)
 .debug_info    0x0000000000002329      0xcf6 /home/student/DEVEL/ESP8266/ESP8266_RTOS_SDK/examples/get-started/my_project_mqtt/build/bootloader/bootloader_support/libbootloader_support.a(esp_image_format.o)
 .debug_info    0x000000000000301f     0x134f /home/student/DEVEL/ESP8266/ESP8266_RTOS_SDK/examples/get-started/my_project_mqtt/build/bootloader/spi_flash/libspi_flash.a(spi_flash.o)
 .debug_info    0x000000000000436e      0x756 /home/student/DEVEL/ESP8266/ESP8266_RTOS_SDK/examples/get-started/my_project_mqtt/build/bootloader/spi_flash/libspi_flash.a(spi_flash_raw.o)
 .debug_info    0x0000000000004ac4      0x307 /home/student/DEVEL/ESP8266/ESP8266_RTOS_SDK/examples/get-started/my_project_mqtt/build/bootloader/log/liblog.a(log.o)
 .debug_info    0x0000000000004dcb      0x21f /home/student/DEVEL/ESP8266/ESP8266_RTOS_SDK/examples/get-started/my_project_mqtt/build/bootloader/esp8266/libesp8266.a(ets_printf.o)
 .debug_info    0x0000000000004fea      0x209 /home/student/DEVEL/ESP8266/ESP8266_RTOS_SDK/examples/get-started/my_project_mqtt/build/bootloader/util/libutil.a(crc.o)

.debug_abbrev   0x0000000000000000     0x1468
 .debug_abbrev  0x0000000000000000      0x18e /home/student/DEVEL/ESP8266/ESP8266_RTOS_SDK/examples/get-started/my_project_mqtt/build/bootloader/main/libmain.a(bootloader_start.o)
 .debug_abbrev  0x000000000000018e      0x1c1 /home/student/DEVEL/ESP8266/ESP8266_RTOS_SDK/examples/get-started/my_project_mqtt/build/bootloader/bootloader_support/libbootloader_support.a(bootloader_init.o)
 .debug_abbrev  0x000000000000034f      0x25c /home/student/DEVEL/ESP8266/ESP8266_RTOS_SDK/examples/get-started/my_project_mqtt/build/bootloader/bootloader_support/libbootloader_support.a(bootloader_utility.o)
 .debug_abbrev  0x00000000000005ab      0x173 /home/student/DEVEL/ESP8266/ESP8266_RTOS_SDK/examples/get-started/my_project_mqtt/build/bootloader/bootloader_support/libbootloader_support.a(bootloader_flash.o)
 .debug_abbrev  0x000000000000071e      0x1aa /home/student/DEVEL/ESP8266/ESP8266_RTOS_SDK/examples/get-started/my_project_mqtt/build/bootloader/bootloader_support/libbootloader_support.a(bootloader_common.o)
 .debug_abbrev  0x00000000000008c8      0x16e /home/student/DEVEL/ESP8266/ESP8266_RTOS_SDK/examples/get-started/my_project_mqtt/build/bootloader/bootloader_support/libbootloader_support.a(flash_partitions.o)
 .debug_abbrev  0x0000000000000a36      0x1e6 /home/student/DEVEL/ESP8266/ESP8266_RTOS_SDK/examples/get-started/my_project_mqtt/build/bootloader/bootloader_support/libbootloader_support.a(esp_image_format.o)
 .debug_abbrev  0x0000000000000c1c      0x306 /home/student/DEVEL/ESP8266/ESP8266_RTOS_SDK/examples/get-started/my_project_mqtt/build/bootloader/spi_flash/libspi_flash.a(spi_flash.o)
 .debug_abbrev  0x0000000000000f22      0x176 /home/student/DEVEL/ESP8266/ESP8266_RTOS_SDK/examples/get-started/my_project_mqtt/build/bootloader/spi_flash/libspi_flash.a(spi_flash_raw.o)
 .debug_abbrev  0x0000000000001098      0x1c8 /home/student/DEVEL/ESP8266/ESP8266_RTOS_SDK/examples/get-started/my_project_mqtt/build/bootloader/log/liblog.a(log.o)
 .debug_abbrev  0x0000000000001260      0x159 /home/student/DEVEL/ESP8266/ESP8266_RTOS_SDK/examples/get-started/my_project_mqtt/build/bootloader/esp8266/libesp8266.a(ets_printf.o)
 .debug_abbrev  0x00000000000013b9       0xaf /home/student/DEVEL/ESP8266/ESP8266_RTOS_SDK/examples/get-started/my_project_mqtt/build/bootloader/util/libutil.a(crc.o)

.debug_loc      0x0000000000000000     0x3152
 .debug_loc     0x0000000000000000       0x76 /home/student/DEVEL/ESP8266/ESP8266_RTOS_SDK/examples/get-started/my_project_mqtt/build/bootloader/main/libmain.a(bootloader_start.o)
 .debug_loc     0x0000000000000076       0xf6 /home/student/DEVEL/ESP8266/ESP8266_RTOS_SDK/examples/get-started/my_project_mqtt/build/bootloader/bootloader_support/libbootloader_support.a(bootloader_init.o)
 .debug_loc     0x000000000000016c      0x5c4 /home/student/DEVEL/ESP8266/ESP8266_RTOS_SDK/examples/get-started/my_project_mqtt/build/bootloader/bootloader_support/libbootloader_support.a(bootloader_utility.o)
 .debug_loc     0x0000000000000730      0x33b /home/student/DEVEL/ESP8266/ESP8266_RTOS_SDK/examples/get-started/my_project_mqtt/build/bootloader/bootloader_support/libbootloader_support.a(bootloader_flash.o)
 .debug_loc     0x0000000000000a6b      0x2e6 /home/student/DEVEL/ESP8266/ESP8266_RTOS_SDK/examples/get-started/my_project_mqtt/build/bootloader/bootloader_support/libbootloader_support.a(bootloader_common.o)
 .debug_loc     0x0000000000000d51      0x108 /home/student/DEVEL/ESP8266/ESP8266_RTOS_SDK/examples/get-started/my_project_mqtt/build/bootloader/bootloader_support/libbootloader_support.a(flash_partitions.o)
 .debug_loc     0x0000000000000e59      0x991 /home/student/DEVEL/ESP8266/ESP8266_RTOS_SDK/examples/get-started/my_project_mqtt/build/bootloader/bootloader_support/libbootloader_support.a(esp_image_format.o)
 .debug_loc     0x00000000000017ea     0x10ba /home/student/DEVEL/ESP8266/ESP8266_RTOS_SDK/examples/get-started/my_project_mqtt/build/bootloader/spi_flash/libspi_flash.a(spi_flash.o)
 .debug_loc     0x00000000000028a4      0x5a0 /home/student/DEVEL/ESP8266/ESP8266_RTOS_SDK/examples/get-started/my_project_mqtt/build/bootloader/spi_flash/libspi_flash.a(spi_flash_raw.o)
 .debug_loc     0x0000000000002e44       0xe1 /home/student/DEVEL/ESP8266/ESP8266_RTOS_SDK/examples/get-started/my_project_mqtt/build/bootloader/log/liblog.a(log.o)
 .debug_loc     0x0000000000002f25       0x9b /home/student/DEVEL/ESP8266/ESP8266_RTOS_SDK/examples/get-started/my_project_mqtt/build/bootloader/esp8266/libesp8266.a(ets_printf.o)
 .debug_loc     0x0000000000002fc0      0x192 /home/student/DEVEL/ESP8266/ESP8266_RTOS_SDK/examples/get-started/my_project_mqtt/build/bootloader/util/libutil.a(crc.o)

.debug_aranges  0x0000000000000000      0x3a0
 .debug_aranges
                0x0000000000000000       0x30 /home/student/DEVEL/ESP8266/ESP8266_RTOS_SDK/examples/get-started/my_project_mqtt/build/bootloader/main/libmain.a(bootloader_start.o)
 .debug_aranges
                0x0000000000000030       0x40 /home/student/DEVEL/ESP8266/ESP8266_RTOS_SDK/examples/get-started/my_project_mqtt/build/bootloader/bootloader_support/libbootloader_support.a(bootloader_init.o)
 .debug_aranges
                0x0000000000000070       0x50 /home/student/DEVEL/ESP8266/ESP8266_RTOS_SDK/examples/get-started/my_project_mqtt/build/bootloader/bootloader_support/libbootloader_support.a(bootloader_utility.o)
 .debug_aranges
                0x00000000000000c0       0x48 /home/student/DEVEL/ESP8266/ESP8266_RTOS_SDK/examples/get-started/my_project_mqtt/build/bootloader/bootloader_support/libbootloader_support.a(bootloader_flash.o)
 .debug_aranges
                0x0000000000000108       0x30 /home/student/DEVEL/ESP8266/ESP8266_RTOS_SDK/examples/get-started/my_project_mqtt/build/bootloader/bootloader_support/libbootloader_support.a(bootloader_common.o)
 .debug_aranges
                0x0000000000000138       0x20 /home/student/DEVEL/ESP8266/ESP8266_RTOS_SDK/examples/get-started/my_project_mqtt/build/bootloader/bootloader_support/libbootloader_support.a(flash_partitions.o)
 .debug_aranges
                0x0000000000000158       0x60 /home/student/DEVEL/ESP8266/ESP8266_RTOS_SDK/examples/get-started/my_project_mqtt/build/bootloader/bootloader_support/libbootloader_support.a(esp_image_format.o)
 .debug_aranges
                0x00000000000001b8       0xe8 /home/student/DEVEL/ESP8266/ESP8266_RTOS_SDK/examples/get-started/my_project_mqtt/build/bootloader/spi_flash/libspi_flash.a(spi_flash.o)
 .debug_aranges
                0x00000000000002a0       0x70 /home/student/DEVEL/ESP8266/ESP8266_RTOS_SDK/examples/get-started/my_project_mqtt/build/bootloader/spi_flash/libspi_flash.a(spi_flash_raw.o)
 .debug_aranges
                0x0000000000000310       0x28 /home/student/DEVEL/ESP8266/ESP8266_RTOS_SDK/examples/get-started/my_project_mqtt/build/bootloader/log/liblog.a(log.o)
 .debug_aranges
                0x0000000000000338       0x38 /home/student/DEVEL/ESP8266/ESP8266_RTOS_SDK/examples/get-started/my_project_mqtt/build/bootloader/esp8266/libesp8266.a(ets_printf.o)
 .debug_aranges
                0x0000000000000370       0x30 /home/student/DEVEL/ESP8266/ESP8266_RTOS_SDK/examples/get-started/my_project_mqtt/build/bootloader/util/libutil.a(crc.o)

.debug_ranges   0x0000000000000000      0x3f8
 .debug_ranges  0x0000000000000000       0x20 /home/student/DEVEL/ESP8266/ESP8266_RTOS_SDK/examples/get-started/my_project_mqtt/build/bootloader/main/libmain.a(bootloader_start.o)
 .debug_ranges  0x0000000000000020       0x30 /home/student/DEVEL/ESP8266/ESP8266_RTOS_SDK/examples/get-started/my_project_mqtt/build/bootloader/bootloader_support/libbootloader_support.a(bootloader_init.o)
 .debug_ranges  0x0000000000000050       0x40 /home/student/DEVEL/ESP8266/ESP8266_RTOS_SDK/examples/get-started/my_project_mqtt/build/bootloader/bootloader_support/libbootloader_support.a(bootloader_utility.o)
 .debug_ranges  0x0000000000000090       0x38 /home/student/DEVEL/ESP8266/ESP8266_RTOS_SDK/examples/get-started/my_project_mqtt/build/bootloader/bootloader_support/libbootloader_support.a(bootloader_flash.o)
 .debug_ranges  0x00000000000000c8       0x20 /home/student/DEVEL/ESP8266/ESP8266_RTOS_SDK/examples/get-started/my_project_mqtt/build/bootloader/bootloader_support/libbootloader_support.a(bootloader_common.o)
 .debug_ranges  0x00000000000000e8       0x40 /home/student/DEVEL/ESP8266/ESP8266_RTOS_SDK/examples/get-started/my_project_mqtt/build/bootloader/bootloader_support/libbootloader_support.a(flash_partitions.o)
 .debug_ranges  0x0000000000000128       0x80 /home/student/DEVEL/ESP8266/ESP8266_RTOS_SDK/examples/get-started/my_project_mqtt/build/bootloader/bootloader_support/libbootloader_support.a(esp_image_format.o)
 .debug_ranges  0x00000000000001a8      0x190 /home/student/DEVEL/ESP8266/ESP8266_RTOS_SDK/examples/get-started/my_project_mqtt/build/bootloader/spi_flash/libspi_flash.a(spi_flash.o)
 .debug_ranges  0x0000000000000338       0x60 /home/student/DEVEL/ESP8266/ESP8266_RTOS_SDK/examples/get-started/my_project_mqtt/build/bootloader/spi_flash/libspi_flash.a(spi_flash_raw.o)
 .debug_ranges  0x0000000000000398       0x18 /home/student/DEVEL/ESP8266/ESP8266_RTOS_SDK/examples/get-started/my_project_mqtt/build/bootloader/log/liblog.a(log.o)
 .debug_ranges  0x00000000000003b0       0x28 /home/student/DEVEL/ESP8266/ESP8266_RTOS_SDK/examples/get-started/my_project_mqtt/build/bootloader/esp8266/libesp8266.a(ets_printf.o)
 .debug_ranges  0x00000000000003d8       0x20 /home/student/DEVEL/ESP8266/ESP8266_RTOS_SDK/examples/get-started/my_project_mqtt/build/bootloader/util/libutil.a(crc.o)

.debug_line     0x0000000000000000     0x3ec8
 .debug_line    0x0000000000000000      0x39e /home/student/DEVEL/ESP8266/ESP8266_RTOS_SDK/examples/get-started/my_project_mqtt/build/bootloader/main/libmain.a(bootloader_start.o)
 .debug_line    0x000000000000039e      0x4cc /home/student/DEVEL/ESP8266/ESP8266_RTOS_SDK/examples/get-started/my_project_mqtt/build/bootloader/bootloader_support/libbootloader_support.a(bootloader_init.o)
 .debug_line    0x000000000000086a      0x84d /home/student/DEVEL/ESP8266/ESP8266_RTOS_SDK/examples/get-started/my_project_mqtt/build/bootloader/bootloader_support/libbootloader_support.a(bootloader_utility.o)
 .debug_line    0x00000000000010b7      0x3e0 /home/student/DEVEL/ESP8266/ESP8266_RTOS_SDK/examples/get-started/my_project_mqtt/build/bootloader/bootloader_support/libbootloader_support.a(bootloader_flash.o)
 .debug_line    0x0000000000001497      0x36f /home/student/DEVEL/ESP8266/ESP8266_RTOS_SDK/examples/get-started/my_project_mqtt/build/bootloader/bootloader_support/libbootloader_support.a(bootloader_common.o)
 .debug_line    0x0000000000001806      0x387 /home/student/DEVEL/ESP8266/ESP8266_RTOS_SDK/examples/get-started/my_project_mqtt/build/bootloader/bootloader_support/libbootloader_support.a(flash_partitions.o)
 .debug_line    0x0000000000001b8d      0x78c /home/student/DEVEL/ESP8266/ESP8266_RTOS_SDK/examples/get-started/my_project_mqtt/build/bootloader/bootloader_support/libbootloader_support.a(esp_image_format.o)
 .debug_line    0x0000000000002319      0xd2e /home/student/DEVEL/ESP8266/ESP8266_RTOS_SDK/examples/get-started/my_project_mqtt/build/bootloader/spi_flash/libspi_flash.a(spi_flash.o)
 .debug_line    0x0000000000003047      0x689 /home/student/DEVEL/ESP8266/ESP8266_RTOS_SDK/examples/get-started/my_project_mqtt/build/bootloader/spi_flash/libspi_flash.a(spi_flash_raw.o)
 .debug_line    0x00000000000036d0      0x38d /home/student/DEVEL/ESP8266/ESP8266_RTOS_SDK/examples/get-started/my_project_mqtt/build/bootloader/log/liblog.a(log.o)
 .debug_line    0x0000000000003a5d      0x289 /home/student/DEVEL/ESP8266/ESP8266_RTOS_SDK/examples/get-started/my_project_mqtt/build/bootloader/esp8266/libesp8266.a(ets_printf.o)
 .debug_line    0x0000000000003ce6      0x1e2 /home/student/DEVEL/ESP8266/ESP8266_RTOS_SDK/examples/get-started/my_project_mqtt/build/bootloader/util/libutil.a(crc.o)

.debug_str      0x0000000000000000     0x18ef
 .debug_str     0x0000000000000000      0x495 /home/student/DEVEL/ESP8266/ESP8266_RTOS_SDK/examples/get-started/my_project_mqtt/build/bootloader/main/libmain.a(bootloader_start.o)
                                        0x51e (size before relaxing)
 .debug_str     0x0000000000000495      0x33b /home/student/DEVEL/ESP8266/ESP8266_RTOS_SDK/examples/get-started/my_project_mqtt/build/bootloader/bootloader_support/libbootloader_support.a(bootloader_init.o)
                                        0x5d6 (size before relaxing)
 .debug_str     0x00000000000007d0      0x27a /home/student/DEVEL/ESP8266/ESP8266_RTOS_SDK/examples/get-started/my_project_mqtt/build/bootloader/bootloader_support/libbootloader_support.a(bootloader_utility.o)
                                        0x748 (size before relaxing)
 .debug_str     0x0000000000000a4a      0x11f /home/student/DEVEL/ESP8266/ESP8266_RTOS_SDK/examples/get-started/my_project_mqtt/build/bootloader/bootloader_support/libbootloader_support.a(bootloader_flash.o)
                                        0x3cb (size before relaxing)
 .debug_str     0x0000000000000b69      0x173 /home/student/DEVEL/ESP8266/ESP8266_RTOS_SDK/examples/get-started/my_project_mqtt/build/bootloader/bootloader_support/libbootloader_support.a(bootloader_common.o)
                                        0x3c1 (size before relaxing)
 .debug_str     0x0000000000000cdc       0xeb /home/student/DEVEL/ESP8266/ESP8266_RTOS_SDK/examples/get-started/my_project_mqtt/build/bootloader/bootloader_support/libbootloader_support.a(flash_partitions.o)
                                        0x3ef (size before relaxing)
 .debug_str     0x0000000000000dc7      0x1cf /home/student/DEVEL/ESP8266/ESP8266_RTOS_SDK/examples/get-started/my_project_mqtt/build/bootloader/bootloader_support/libbootloader_support.a(esp_image_format.o)
                                        0x7b7 (size before relaxing)
 .debug_str     0x0000000000000f96      0x56d /home/student/DEVEL/ESP8266/ESP8266_RTOS_SDK/examples/get-started/my_project_mqtt/build/bootloader/spi_flash/libspi_flash.a(spi_flash.o)
                                        0x959 (size before relaxing)
 .debug_str     0x0000000000001503      0x134 /home/student/DEVEL/ESP8266/ESP8266_RTOS_SDK/examples/get-started/my_project_mqtt/build/bootloader/spi_flash/libspi_flash.a(spi_flash_raw.o)
                                        0x502 (size before relaxing)
 .debug_str     0x0000000000001637      0x149 /home/student/DEVEL/ESP8266/ESP8266_RTOS_SDK/examples/get-started/my_project_mqtt/build/bootloader/log/liblog.a(log.o)
                                        0x304 (size before relaxing)
 .debug_str     0x0000000000001780       0xea /home/student/DEVEL/ESP8266/ESP8266_RTOS_SDK/examples/get-started/my_project_mqtt/build/bootloader/esp8266/libesp8266.a(ets_printf.o)
                                        0x256 (size before relaxing)
 .debug_str     0x000000000000186a       0x85 /home/student/DEVEL/ESP8266/ESP8266_RTOS_SDK/examples/get-started/my_project_mqtt/build/bootloader/util/libutil.a(crc.o)
                                        0x1a9 (size before relaxing)

.comment        0x0000000000000000       0x75
 .comment       0x0000000000000000       0x3b /home/student/DEVEL/ESP8266/ESP8266_RTOS_SDK/examples/get-started/my_project_mqtt/build/bootloader/main/libmain.a(bootloader_start.o)
                                         0x3c (size before relaxing)
 .comment       0x000000000000003b       0x3c /home/student/DEVEL/ESP8266/ESP8266_RTOS_SDK/examples/get-started/my_project_mqtt/build/bootloader/bootloader_support/libbootloader_support.a(bootloader_init.o)
 .comment       0x000000000000003b       0x3c /home/student/DEVEL/ESP8266/ESP8266_RTOS_SDK/examples/get-started/my_project_mqtt/build/bootloader/bootloader_support/libbootloader_support.a(bootloader_utility.o)
 .comment       0x000000000000003b       0x3c /home/student/DEVEL/ESP8266/ESP8266_RTOS_SDK/examples/get-started/my_project_mqtt/build/bootloader/bootloader_support/libbootloader_support.a(bootloader_flash.o)
 .comment       0x000000000000003b       0x3c /home/student/DEVEL/ESP8266/ESP8266_RTOS_SDK/examples/get-started/my_project_mqtt/build/bootloader/bootloader_support/libbootloader_support.a(bootloader_common.o)
 .comment       0x000000000000003b       0x3c /home/student/DEVEL/ESP8266/ESP8266_RTOS_SDK/examples/get-started/my_project_mqtt/build/bootloader/bootloader_support/libbootloader_support.a(flash_partitions.o)
 .comment       0x000000000000003b       0x3c /home/student/DEVEL/ESP8266/ESP8266_RTOS_SDK/examples/get-started/my_project_mqtt/build/bootloader/bootloader_support/libbootloader_support.a(esp_image_format.o)
 .comment       0x000000000000003b       0x3c /home/student/DEVEL/ESP8266/ESP8266_RTOS_SDK/examples/get-started/my_project_mqtt/build/bootloader/spi_flash/libspi_flash.a(spi_flash.o)
 .comment       0x000000000000003b       0x3c /home/student/DEVEL/ESP8266/ESP8266_RTOS_SDK/examples/get-started/my_project_mqtt/build/bootloader/spi_flash/libspi_flash.a(spi_flash_raw.o)
 .comment       0x000000000000003b       0x3c /home/student/DEVEL/ESP8266/ESP8266_RTOS_SDK/examples/get-started/my_project_mqtt/build/bootloader/log/liblog.a(log.o)
 .comment       0x000000000000003b       0x3c /home/student/DEVEL/ESP8266/ESP8266_RTOS_SDK/examples/get-started/my_project_mqtt/build/bootloader/esp8266/libesp8266.a(ets_printf.o)
 .comment       0x000000000000003b       0x3c /home/student/DEVEL/ESP8266/ESP8266_RTOS_SDK/examples/get-started/my_project_mqtt/build/bootloader/util/libutil.a(crc.o)
 .comment       0x000000000000003b       0x3a /home/student/DEVEL/ESP8266/ESP8266_RTOS_SDK/components/esp8266/lib/libcore.a(phy.o)
                                         0x3b (size before relaxing)
 .comment       0x0000000000000075       0x3b /home/student/DEVEL/ESP8266/ESP8266_RTOS_SDK/components/esp8266/lib/libcore.a(uart.o)

.xtensa.info    0x0000000000000000       0x38
 .xtensa.info   0x0000000000000000       0x38 /home/student/DEVEL/ESP8266/ESP8266_RTOS_SDK/examples/get-started/my_project_mqtt/build/bootloader/main/libmain.a(bootloader_start.o)
 .xtensa.info   0x0000000000000038        0x0 /home/student/DEVEL/ESP8266/ESP8266_RTOS_SDK/examples/get-started/my_project_mqtt/build/bootloader/bootloader_support/libbootloader_support.a(bootloader_init.o)
 .xtensa.info   0x0000000000000038        0x0 /home/student/DEVEL/ESP8266/ESP8266_RTOS_SDK/examples/get-started/my_project_mqtt/build/bootloader/bootloader_support/libbootloader_support.a(bootloader_utility.o)
 .xtensa.info   0x0000000000000038        0x0 /home/student/DEVEL/ESP8266/ESP8266_RTOS_SDK/examples/get-started/my_project_mqtt/build/bootloader/bootloader_support/libbootloader_support.a(bootloader_flash.o)
 .xtensa.info   0x0000000000000038        0x0 /home/student/DEVEL/ESP8266/ESP8266_RTOS_SDK/examples/get-started/my_project_mqtt/build/bootloader/bootloader_support/libbootloader_support.a(bootloader_common.o)
 .xtensa.info   0x0000000000000038        0x0 /home/student/DEVEL/ESP8266/ESP8266_RTOS_SDK/examples/get-started/my_project_mqtt/build/bootloader/bootloader_support/libbootloader_support.a(flash_partitions.o)
 .xtensa.info   0x0000000000000038        0x0 /home/student/DEVEL/ESP8266/ESP8266_RTOS_SDK/examples/get-started/my_project_mqtt/build/bootloader/bootloader_support/libbootloader_support.a(esp_image_format.o)
 .xtensa.info   0x0000000000000038        0x0 /home/student/DEVEL/ESP8266/ESP8266_RTOS_SDK/examples/get-started/my_project_mqtt/build/bootloader/spi_flash/libspi_flash.a(spi_flash.o)
 .xtensa.info   0x0000000000000038        0x0 /home/student/DEVEL/ESP8266/ESP8266_RTOS_SDK/examples/get-started/my_project_mqtt/build/bootloader/spi_flash/libspi_flash.a(spi_flash_raw.o)
 .xtensa.info   0x0000000000000038        0x0 /home/student/DEVEL/ESP8266/ESP8266_RTOS_SDK/examples/get-started/my_project_mqtt/build/bootloader/log/liblog.a(log.o)
 .xtensa.info   0x0000000000000038        0x0 /home/student/DEVEL/ESP8266/ESP8266_RTOS_SDK/examples/get-started/my_project_mqtt/build/bootloader/esp8266/libesp8266.a(ets_printf.o)
 .xtensa.info   0x0000000000000038        0x0 /home/student/DEVEL/ESP8266/ESP8266_RTOS_SDK/examples/get-started/my_project_mqtt/build/bootloader/util/libutil.a(crc.o)
 .xtensa.info   0x0000000000000038        0x0 /home/student/DEVEL/ESP8266/ESP8266_RTOS_SDK/components/esp8266/lib/libcore.a(phy.o)
 .xtensa.info   0x0000000000000038        0x0 /home/student/DEVEL/ESP8266/ESP8266_RTOS_SDK/components/esp8266/lib/libcore.a(uart.o)
